[assembly: System.Runtime.CompilerServices.InternalsVisibleToAttribute(@"StorageQueues.Tests, PublicKey=00240000048000009400000006020000002400005253413100040000010001007f16e21368ff041183fab592d9e8ed37e7be355e93323147a1d29983d6e591b04282e4da0c9e18bd901e112c0033925eb7d7872c2f1706655891c5c9d57297994f707d16ee9a8f40d978f064ee1ffc73c0db3f4712691b23bf596f75130f4ec978cf78757ec034625a5f27e6bb50c618931ea49f6f628fd74271c32959efb1c5")]
namespace NServiceBus.AzureFunctions.StorageQueues
{
    public abstract class ServerlessEndpointConfiguration
    {
        protected ServerlessEndpointConfiguration(string endpointName) { }
        public NServiceBus.EndpointConfiguration AdvancedConfiguration { get; }
        public void DoNotSendMessagesToErrorQueue() { }
        public void LogDiagnostics() { }
        public NServiceBus.Serialization.SerializationExtensions<T> UseSerialization<T>()
            where T : NServiceBus.Serialization.SerializationDefinition, new () { }
        protected NServiceBus.TransportExtensions<TTransport> UseTransport<TTransport>()
            where TTransport : NServiceBus.Transport.TransportDefinition, new () { }
    }
    public abstract class ServerlessEndpoint<TConfiguration>
        where TConfiguration : NServiceBus.AzureFunctions.StorageQueues.ServerlessEndpointConfiguration
    {
        protected System.Func<NServiceBus.FunctionExecutionContext, string> AssemblyDirectoryResolver;
        protected ServerlessEndpoint(System.Func<NServiceBus.FunctionExecutionContext, TConfiguration> configurationFactory) { }
        protected System.Threading.Tasks.Task InitializeEndpointIfNecessary(NServiceBus.FunctionExecutionContext executionContext, System.Threading.CancellationToken token = null) { }
        protected System.Threading.Tasks.Task Process(NServiceBus.Transport.MessageContext messageContext, NServiceBus.FunctionExecutionContext executionContext) { }
        protected System.Threading.Tasks.Task<NServiceBus.Transport.ErrorHandleResult> ProcessFailedMessage(NServiceBus.Transport.ErrorContext errorContext, NServiceBus.FunctionExecutionContext executionContext) { }
    }
}
namespace NServiceBus
{
    public class FunctionEndpoint : NServiceBus.AzureFunctions.StorageQueues.ServerlessEndpoint<NServiceBus.StorageQueueTriggeredEndpointConfiguration>
    {
        public FunctionEndpoint(System.Func<NServiceBus.FunctionExecutionContext, NServiceBus.StorageQueueTriggeredEndpointConfiguration> configurationFactory) { }
        public System.Threading.Tasks.Task Process(Microsoft.WindowsAzure.Storage.Queue.CloudQueueMessage message, Microsoft.Azure.WebJobs.ExecutionContext executionContext, Microsoft.Extensions.Logging.ILogger functionsLogger = null) { }
    }
    public class FunctionExecutionContext
    {
        public FunctionExecutionContext(Microsoft.Azure.WebJobs.ExecutionContext executionContext, Microsoft.Extensions.Logging.ILogger logger) { }
        public Microsoft.Azure.WebJobs.ExecutionContext ExecutionContext { get; }
        public Microsoft.Extensions.Logging.ILogger Logger { get; }
    }
    public class StorageQueueTriggeredEndpointConfiguration : NServiceBus.AzureFunctions.StorageQueues.ServerlessEndpointConfiguration
    {
        public StorageQueueTriggeredEndpointConfiguration(string endpointName, string connectionStringName = null) { }
        public NServiceBus.TransportExtensions<NServiceBus.AzureStorageQueueTransport> Transport { get; }
        public static NServiceBus.StorageQueueTriggeredEndpointConfiguration FromAttributes() { }
    }
}